mpi.c:48:6:mpiInit	16	static
mpi.c:62:6:mpiFree	16	static
mpi.c:85:9:mpiGrow	24	static
mpi.c:129:8:mpiGetLength	24	static
mpi.c:156:8:mpiGetByteLength	24	static
mpi.c:195:8:mpiGetBitLength	24	static
mpi.c:236:9:mpiSetBitValue	40	static
mpi.c:270:8:mpiGetBitValue	24	static
mpi.c:295:7:mpiComp	24	static
mpi.c:339:7:mpiCompInt	32	static
mpi.c:362:7:mpiCompAbs	24	static
mpi.c:400:9:mpiCopy	24	static
mpi.c:437:9:mpiSetValue	24	static
mpi.c:468:9:mpiRand	40	static
mpi.c:514:16:mpiCheckProbablePrime	16	static
mpi.c:533:9:mpiImport	32	static
mpi.c:618:9:mpiExport	40	static
mpi.c:696:9:mpiAdd	32	static
mpi.c:745:9:mpiAddInt	40	static
mpi.c:769:9:mpiSub	32	static
mpi.c:818:9:mpiSubInt	40	static
mpi.c:842:9:mpiAddAbs	48	static
mpi.c:922:9:mpiSubAbs	56	static
mpi.c:1012:9:mpiShiftLeft	32	static
mpi.c:1073:9:mpiShiftRight	32	static
mpi.c:1132:16:mpiMul	64	static
mpi.c:1209:9:mpiMulInt	40	static
mpi.c:1234:9:mpiDiv	72	static
mpi.c:1301:9:mpiDivInt	40	static
mpi.c:1325:9:mpiMod	56	static
mpi.c:1390:9:mpiAddMod	32	static
mpi.c:1413:9:mpiSubMod	32	static
mpi.c:1436:9:mpiMulMod	32	static
mpi.c:1458:16:mpiInvMod	112	static
mpi.c:1534:16:mpiExpMod	200	static
mpi.c:1726:9:mpiMontgomeryMul	56	static
mpi.c:1799:9:mpiMontgomeryRed	48	static
mpi.c:1825:6:mpiMulAccCore	56	static
mpi.c:1873:6:mpiDump	32	static
