rsa.c:105:6:rsaInitPublicKey	16	static
rsa.c:118:6:rsaFreePublicKey	16	static
rsa.c:131:6:rsaInitPrivateKey	16	static
rsa.c:150:6:rsaFreePrivateKey	16	static
rsa.c:176:9:rsaesPkcs1v15Encrypt	72	static
rsa.c:274:9:rsaesPkcs1v15Decrypt	88	static
rsa.c:423:9:rsaesOaepEncrypt	80	static
rsa.c:529:9:rsaesOaepDecrypt	96	static
rsa.c:678:9:rsassaPkcs1v15Sign	96	static
rsa.c:811:9:rsassaPkcs1v15Verify	64	static
rsa.c:920:9:rsassaPssSign	80	static
rsa.c:1040:9:rsassaPssVerify	72	static
rsa.c:1154:9:rsaep	24	static
rsa.c:1181:16:rsadp	64	static
rsa.c:1248:9:rsasp1	24	static
rsa.c:1269:9:rsavp1	24	static
rsa.c:1289:9:emePkcs1v15Encode	48	static
rsa.c:1357:10:emePkcs1v15Decode	40	static
rsa.c:1411:9:emeOaepEncode	64	static
rsa.c:1491:10:emeOaepDecode	136	static
rsa.c:1585:9:emsaPkcs1v15Encode	32	static
rsa.c:1649:9:emsaPkcs1v15Verify	40	static
rsa.c:1725:9:emsaPssEncode	120	static
rsa.c:1807:9:emsaPssVerify	72	static
rsa.c:1904:6:mgf1	40	static
rsa.c:1951:9:rsaGenerateKeyPair	40	static
rsa.c:1981:9:rsaGeneratePrivateKey	64	static
rsa.c:2142:9:rsaGeneratePublicKey	24	static
