x509_cert_parse.c:63:9:x509ParseCertificate	24	static
x509_cert_parse.c:80:9:x509ParseCertificateEx	64	static
x509_cert_parse.c:163:9:x509ParseTbsCertificate	64	static
x509_cert_parse.c:327:9:x509ParseVersion	56	static
x509_cert_parse.c:388:9:x509ParseSerialNumber	56	static
x509_cert_parse.c:436:9:x509ParseName	72	static
x509_cert_parse.c:606:9:x509ParseNameAttribute	56	static
x509_cert_parse.c:675:9:x509ParseValidity	56	static
x509_cert_parse.c:728:9:x509ParseTime	56	static
x509_cert_parse.c:863:9:x509ParseIssuerUniqueId	56	static
x509_cert_parse.c:916:9:x509ParseSubjectUniqueId	56	static
x509_cert_parse.c:971:9:x509ParseExtensions	80	static
x509_cert_parse.c:1173:9:x509ParseExtension	56	static
x509_cert_parse.c:1260:9:x509ParseBasicConstraints	56	static
x509_cert_parse.c:1351:9:x509ParseNameConstraints	56	static
x509_cert_parse.c:1446:9:x509ParsePolicyConstraints	56	static
x509_cert_parse.c:1479:9:x509ParsePolicyMappings	56	static
x509_cert_parse.c:1511:9:x509ParseInhibitAnyPolicy	24	static
x509_cert_parse.c:1531:9:x509ParseKeyUsage	56	static
x509_cert_parse.c:1604:9:x509ParseExtendedKeyUsage	56	static
x509_cert_parse.c:1721:9:x509ParseSubjectAltName	80	static
x509_cert_parse.c:1793:9:x509ParseGeneralSubtrees	40	static
x509_cert_parse.c:1827:9:x509ParseGeneralSubtree	56	static
x509_cert_parse.c:1860:9:x509ParseGeneralName	56	static
x509_cert_parse.c:1906:9:x509ParseSubjectKeyId	56	static
x509_cert_parse.c:1943:9:x509ParseAuthorityKeyId	56	static
x509_cert_parse.c:2005:9:x509ParseNsCertType	56	static
x509_cert_parse.c:2059:9:x509ParseSignatureAlgo	56	static
x509_cert_parse.c:2125:9:x509ParseSignatureValue	56	static
x509_cert_parse.c:2171:9:x509ParseInt	24	static
