os_port_freertos.c:44:6:osInitKernel	4	static
os_port_freertos.c:53:6:osStartKernel	8	static
os_port_freertos.c:71:9:osCreateTask	40	static
os_port_freertos.c:94:6:osDeleteTask	16	static
os_port_freertos.c:106:6:osDelayTask	16	static
os_port_freertos.c:117:6:osSwitchTask	4	static,ignoring_inline_asm
os_port_freertos.c:128:6:osSuspendAllTasks	8	static
os_port_freertos.c:143:6:osResumeAllTasks	8	static
os_port_freertos.c:161:8:osCreateEvent	16	static
os_port_freertos.c:184:6:osDeleteEvent	16	static
os_port_freertos.c:200:6:osSetEvent	16	static
os_port_freertos.c:212:6:osResetEvent	16	static
os_port_freertos.c:227:8:osWaitForEvent	24	static
os_port_freertos.c:255:8:osSetEventFromIsr	24	static
os_port_freertos.c:276:8:osCreateSemaphore	16	static
os_port_freertos.c:300:6:osDeleteSemaphore	16	static
os_port_freertos.c:319:8:osWaitForSemaphore	24	static
os_port_freertos.c:345:6:osReleaseSemaphore	16	static
os_port_freertos.c:359:8:osCreateMutex	16	static
os_port_freertos.c:382:6:osDeleteMutex	16	static
os_port_freertos.c:398:6:osAcquireMutex	16	static
os_port_freertos.c:410:6:osReleaseMutex	16	static
os_port_freertos.c:422:11:osGetSystemTime	16	static
os_port_freertos.c:441:7:osAllocMem	24	static
os_port_freertos.c:461:6:osFreeMem	16	static
