bsd_socket.c:59:7:socketTranslateErrorCode	24	static
bsd_socket.c:109:7:socket	32	static
bsd_socket.c:151:7:bind	72	static
bsd_socket.c:252:7:connect	72	static
bsd_socket.c:354:7:listen	24	static
bsd_socket.c:392:7:accept	72	static
bsd_socket.c:484:7:send	48	static
bsd_socket.c:543:7:sendto	96	static
bsd_socket.c:648:7:recv	48	static
bsd_socket.c:697:7:recvfrom	96	static
bsd_socket.c:792:7:getsockname	40	static
bsd_socket.c:884:7:getpeername	40	static
bsd_socket.c:978:7:setsockopt	40	static
bsd_socket.c:1257:7:getsockopt	40	static
bsd_socket.c:1567:7:ioctlsocket	40	static
bsd_socket.c:1644:7:fcntl	40	static
bsd_socket.c:1719:7:shutdown	24	static
bsd_socket.c:1755:7:closesocket	24	static
bsd_socket.c:1793:7:select	64	static
bsd_socket.c:1963:6:selectFdZero	16	static
bsd_socket.c:1976:6:selectFdSet	24	static
bsd_socket.c:2005:6:selectFdClr	24	static
bsd_socket.c:2037:7:selectFdIsSet	24	static
bsd_socket.c:2060:10:gethostbyname	32	static
bsd_socket.c:2083:10:gethostbyname_r	56	static
bsd_socket.c:2154:11:inet_addr	24	static
bsd_socket.c:2188:7:inet_aton	24	static
bsd_socket.c:2223:15:inet_ntoa	16	static
bsd_socket.c:2240:15:inet_ntoa_r	24	static
bsd_socket.c:2268:7:inet_pton	56	static
bsd_socket.c:2340:15:inet_ntop	56	static
