core_cm4.h:1648:22:__NVIC_SetPriorityGrouping	24	static
core_cm4.h:1679:22:__NVIC_EnableIRQ	16	static,ignoring_inline_asm
core_cm4.h:1717:22:__NVIC_DisableIRQ	16	static,ignoring_inline_asm
core_cm4.h:1809:22:__NVIC_SetPriority	16	static
core_cm4.h:1856:26:NVIC_EncodePriority	40	static
stm32f4xx_eth_driver.c:115:9:stm32f4xxEthInit	32	static
stm32f4xx_eth_driver.c:248:6:stm32f4xxEthInitGpio	56	static
stm32f4xx_eth_driver.c:645:6:stm32f4xxEthInitDmaDesc	24	static
stm32f4xx_eth_driver.c:714:6:stm32f4xxEthTick	16	static
stm32f4xx_eth_driver.c:739:6:stm32f4xxEthEnableIrq	16	static
stm32f4xx_eth_driver.c:767:6:stm32f4xxEthDisableIrq	16	static
stm32f4xx_eth_driver.c:794:6:ETH_IRQHandler	16	static,ignoring_inline_asm
stm32f4xx_eth_driver.c:847:6:stm32f4xxEthEventHandler	24	static
stm32f4xx_eth_driver.c:882:9:stm32f4xxEthSendPacket	32	static
stm32f4xx_eth_driver.c:941:9:stm32f4xxEthReceivePacket	48	static
stm32f4xx_eth_driver.c:1011:9:stm32f4xxEthUpdateMacAddrFilter	64	static
stm32f4xx_eth_driver.c:1133:9:stm32f4xxEthUpdateMacConfig	24	static
stm32f4xx_eth_driver.c:1176:6:stm32f4xxEthWritePhyReg	24	static
stm32f4xx_eth_driver.c:1218:10:stm32f4xxEthReadPhyReg	24	static
stm32f4xx_eth_driver.c:1264:10:stm32f4xxEthCalcCrc	32	static
