tcp_misc.c:70:9:tcpSendSegment	136	static
tcp_misc.c:328:9:tcpSendResetSegment	32	static
tcp_misc.c:360:9:tcpRejectSegment	136	static
tcp_misc.c:510:9:tcpAddOption	40	static
tcp_misc.c:573:12:tcpGetOption	32	static
tcp_misc.c:639:10:tcpGenerateInitialSeqNum	24	static
tcp_misc.c:675:9:tcpCheckSeqNum	40	static
tcp_misc.c:766:9:tcpCheckSyn	32	static
tcp_misc.c:800:9:tcpCheckAck	56	static
tcp_misc.c:1010:8:tcpIsDuplicateSyn	32	static
tcp_misc.c:1086:8:tcpIsDuplicateAck	32	static
tcp_misc.c:1128:6:tcpFastRetransmit	24	static
tcp_misc.c:1167:6:tcpFastRecovery	24	static
tcp_misc.c:1216:6:tcpFastLossRecovery	16	static
tcp_misc.c:1254:6:tcpProcessSegmentData	40	static
tcp_misc.c:1321:6:tcpDeleteControlBlock	16	static
tcp_misc.c:1342:6:tcpUpdateRetransmitQueue	40	static
tcp_misc.c:1424:6:tcpFlushRetransmitQueue	24	static
tcp_misc.c:1453:6:tcpFlushSynQueue	24	static
tcp_misc.c:1481:6:tcpUpdateSackBlocks	32	static
tcp_misc.c:1534:6:tcpUpdateSendWindow	16	static
tcp_misc.c:1584:6:tcpUpdateReceiveWindow	32	static
tcp_misc.c:1621:8:tcpComputeRto	32	static
tcp_misc.c:1690:9:tcpRetransmitSegment	80	static
tcp_misc.c:1810:9:tcpNagleAlgo	40	static
tcp_misc.c:1939:6:tcpChangeState	16	static
tcp_misc.c:1970:6:tcpUpdateEvents	16	static
tcp_misc.c:2118:8:tcpWaitForEvents	24	static
tcp_misc.c:2156:6:tcpWriteTxBuffer	32	static
tcp_misc.c:2192:9:tcpReadTxBuffer	32	static
tcp_misc.c:2236:6:tcpWriteRxBuffer	40	static
tcp_misc.c:2271:6:tcpReadRxBuffer	32	static
tcp_misc.c:2306:6:tcpDumpHeader	24	static
