stm32f4xx_flash_driver.c:92:9:flashInit	16	static
stm32f4xx_flash_driver.c:126:9:flashGetStartAddr	16	static
stm32f4xx_flash_driver.c:145:8:flashGetBankSize	4	static
stm32f4xx_flash_driver.c:159:9:flashWriteByte	24	static
stm32f4xx_flash_driver.c:185:9:flashWriteHalfWord	24	static
stm32f4xx_flash_driver.c:211:9:flashWriteWord	64	static
stm32f4xx_flash_driver.c:354:9:flashSwapBank	40	static
stm32f4xx_flash_driver.c:468:6:systemReset	8	static
stm32f4xx_flash_driver.c:486:9:flashGetSector	32	static
stm32f4xx_flash_driver.c:521:9:flashGetCurrentBank	40	static
stm32f4xx_flash_driver.c:607:6:HAL_FLASH_OperationErrorCallback	16	static
