tls.c:66:13:tlsInit	16	static
tls.c:194:10:tlsGetState	24	static
tls.c:218:9:tlsSetSocketCallbacks	24	static
tls.c:250:9:tlsSetVersion	16	static
tls.c:284:9:tlsSetTransportProtocol	16	static
tls.c:313:9:tlsSetConnectionEnd	16	static
tls.c:339:9:tlsSetPrng	24	static
tls.c:367:9:tlsSetServerName	32	static
tls.c:415:15:tlsGetServerName	16	static
tls.c:440:9:tlsSetCache	16	static
tls.c:461:9:tlsSetClientAuthMode	16	static
tls.c:483:9:tlsSetBufferSize	24	static
tls.c:531:9:tlsSetMaxFragmentLength	16	static
tls.c:566:9:tlsSetCipherSuites	24	static
tls.c:594:9:tlsSetSupportedGroups	24	static
tls.c:621:9:tlsSetPreferredGroup	16	static
tls.c:648:9:tlsSetDhParameters	24	static
tls.c:676:9:tlsSetEcdhCallback	16	static
tls.c:702:9:tlsSetEcdsaSignCallback	16	static
tls.c:729:9:tlsSetEcdsaVerifyCallback	16	static
tls.c:756:9:tlsSetKeyLogCallback	16	static
tls.c:783:9:tlsAllowUnknownAlpnProtocols	16	static
tls.c:809:9:tlsSetAlpnProtocolList	16	static
tls.c:858:9:tlsSetAlpnCallback	16	static
tls.c:883:15:tlsGetAlpnProtocol	16	static
tls.c:911:9:tlsSetPsk	24	static
tls.c:972:9:tlsSetPskIdentity	24	static
tls.c:1021:9:tlsSetPskIdentityHint	24	static
tls.c:1070:9:tlsSetPskCallback	16	static
tls.c:1096:9:tlsSetRpkVerifyCallback	16	static
tls.c:1124:9:tlsSetTrustedCaList	24	static
tls.c:1154:9:tlsAddCertificate	64	static
tls.c:1275:9:tlsSetCertificateVerifyCallback	24	static
tls.c:1299:9:tlsEnableSessionTickets	16	static
tls.c:1325:9:tlsEnableSecureRenegotiation	16	static
tls.c:1351:9:tlsEnableFallbackScsv	16	static
tls.c:1379:9:tlsSetTicketCallbacks	24	static
tls.c:1411:9:tlsSetPmtu	16	static
tls.c:1441:9:tlsSetTimeout	16	static
tls.c:1469:9:tlsSetCookieCallbacks	24	static
tls.c:1505:9:tlsEnableReplayDetection	16	static
tls.c:1533:9:tlsSetMaxEarlyDataSize	16	static
tls.c:1562:9:tlsWriteEarlyData	24	static
tls.c:1625:9:tlsConnect	24	static
tls.c:1673:20:tlsGetEarlyDataStatus	24	static
tls.c:1716:9:tlsWrite	40	static
tls.c:1851:9:tlsRead	48	static
tls.c:2087:8:tlsIsTxReady	24	static
tls.c:2120:8:tlsIsRxReady	24	static
tls.c:2165:9:tlsShutdown	16	static
tls.c:2178:9:tlsShutdownEx	32	static
tls.c:2325:6:tlsFree	16	static
tls.c:2460:9:tlsInitSessionState	16	static
tls.c:2481:9:tlsSaveSessionState	24	static
tls.c:2550:9:tlsRestoreSessionState	16	static
tls.c:2603:6:tlsFreeSessionState	16	static
