tls_client_extensions.c:85:9:tlsFormatClientSupportedVersionsExtension	40	static
tls_client_extensions.c:179:9:tlsFormatClientSniExtension	40	static
tls_client_extensions.c:252:9:tlsFormatClientMaxFragLenExtension	32	static
tls_client_extensions.c:313:9:tlsFormatClientRecordSizeLimitExtension	40	static
tls_client_extensions.c:369:9:tlsFormatSupportedGroupsExtension	56	static
tls_client_extensions.c:479:9:tlsFormatClientEcPointFormatsExtension	40	static
tls_client_extensions.c:541:9:tlsFormatClientAlpnExtension	32	static
tls_client_extensions.c:627:9:tlsFormatClientCertTypeListExtension	32	static
tls_client_extensions.c:683:9:tlsFormatServerCertTypeListExtension	32	static
tls_client_extensions.c:743:9:tlsFormatClientEmsExtension	32	static
tls_client_extensions.c:788:9:tlsFormatClientSessionTicketExtension	32	static
tls_client_extensions.c:856:9:tlsFormatClientRenegoInfoExtension	32	static
tls_client_extensions.c:924:9:tlsFormatClientHelloPaddingExtension	32	static
tls_client_extensions.c:986:9:tlsParseServerSniExtension	16	static
tls_client_extensions.c:1013:9:tlsParseServerMaxFragLenExtension	16	static
tls_client_extensions.c:1062:9:tlsParseServerRecordSizeLimitExtension	24	static
tls_client_extensions.c:1122:9:tlsParseServerEcPointFormatsExtension	24	static
tls_client_extensions.c:1170:9:tlsParseServerAlpnExtension	16	static
tls_client_extensions.c:1250:9:tlsParseClientCertTypeExtension	16	static
tls_client_extensions.c:1284:9:tlsParseServerCertTypeExtension	16	static
tls_client_extensions.c:1326:9:tlsParseServerEmsExtension	16	static
tls_client_extensions.c:1379:9:tlsParseServerSessionTicketExtension	16	static
tls_client_extensions.c:1416:9:tlsParseServerRenegoInfoExtension	16	static
