ipv6.c:97:9:ipv6Init	24	static
ipv6.c:149:9:ipv6SetMtu	24	static
ipv6.c:194:9:ipv6GetMtu	16	static
ipv6.c:219:9:ipv6SetLinkLocalAddr	40	static
ipv6.c:257:9:ipv6GetLinkLocalAddr	32	static
ipv6.c:300:9:ipv6SetGlobalAddr	48	static
ipv6.c:339:9:ipv6GetGlobalAddr	40	static
ipv6.c:391:9:ipv6SetAnycastAddr	64	static
ipv6.c:469:9:ipv6GetAnycastAddr	32	static
ipv6.c:504:9:ipv6SetPrefix	40	static
ipv6.c:568:9:ipv6GetPrefix	40	static
ipv6.c:623:9:ipv6SetDefaultRouter	40	static
ipv6.c:680:9:ipv6GetDefaultRouter	40	static
ipv6.c:731:9:ipv6SetDnsServer	32	static
ipv6.c:765:9:ipv6GetDnsServer	32	static
ipv6.c:797:6:ipv6LinkChangeEvent	48	static
ipv6.c:889:6:ipv6ProcessPacket	112	static
ipv6.c:1208:9:ipv6ParseHopByHopOptHeader	56	static
ipv6.c:1286:9:ipv6ParseDestOptHeader	56	static
ipv6.c:1349:9:ipv6ParseRoutingHeader	48	static
ipv6.c:1420:9:ipv6ParseAuthHeader	24	static
ipv6.c:1440:9:ipv6ParseEspHeader	24	static
ipv6.c:1460:9:ipv6ParseOptions	64	static
ipv6.c:1586:9:ipv6SendDatagram	56	static
ipv6.c:1655:9:ipv6SendPacket	80	static
ipv6.c:1951:9:ipv6JoinMulticastGroup	56	static
ipv6.c:2061:9:ipv6LeaveMulticastGroup	40	static
ipv6.c:2137:9:ipv6StringToAddr	48	static
ipv6.c:2283:9:ipv6AddrToString	40	static
ipv6.c:2352:6:ipv6DumpHeader	16	static
