net.c:79:9:netInit	32	static
net.c:272:9:netSeedRand	24	static
net.c:313:15:netGetDefaultInterface	4	static
net.c:327:9:netSetMacAddr	16	static
net.c:362:9:netGetMacAddr	24	static
net.c:399:9:netSetEui64	16	static
net.c:424:9:netGetEui64	24	static
net.c:456:9:netSetInterfaceId	16	static
net.c:481:9:netSetInterfaceName	16	static
net.c:508:9:netSetHostname	16	static
net.c:535:9:netSetVlanId	16	static
net.c:569:9:netSetVmanId	16	static
net.c:604:9:netSetParentInterface	16	static
net.c:636:9:netSetDriver	16	static
net.c:661:9:netSetPhyDriver	16	static
net.c:691:9:netSetPhyAddr	16	static
net.c:725:9:netSetSwitchDriver	16	static
net.c:755:9:netSetSwitchPort	16	static
net.c:785:9:netSetSmiDriver	16	static
net.c:815:9:netSetSpiDriver	16	static
net.c:840:9:netSetUartDriver	16	static
net.c:865:9:netSetExtIntDriver	16	static
net.c:890:9:netSetLinkState	16	static
net.c:922:8:netGetLinkState	24	static
net.c:948:9:netConfigInterface	24	static
net.c:1141:9:netStartInterface	24	static
net.c:1221:9:netStopInterface	24	static
net.c:1277:6:netTask	32	static
